1
2
1
2
Error: connect 0 0 0 2
Error: connect 1 1 1 2
2
1
