2
1
2
1
2
3
2
1
Error: disconnect 0 0 1 1
Error: disconnect 1 1 1 2
1
2
