Error: move 0 0 1 1
Error: place 1 1 green
Error: move 1 2 4 4
Error: move 1 2 4 3
Error: place 5 6 purple
Error: move 3 3 -2 -2
Error: move 1 2 3 2
Error: move 9 9 5 5