none
0 0 red
0 0 red
0 0 red
0 0 red
1 0 green
0 0 red
1 0 green
0 0 red
0 4 purple
0 0 red|0 4 purple
0 4 purple|0 0 red
1 0 green
0 0 red
0 4 purple
0 4 purple
1 0 green
1 0 green
0 4 purple
none