0
1
2
Error: place 0 0 blue
2
Error: place 1 1 red
2